---
source: crates/sui-config/tests/snapshot_tests.rs
expression: genesis.sui_system_object()
---
epoch: 0
protocolVersion: 1
validators:
  totalStake: 25000000000000000
  activeValidators:
    - metadata:
        suiAddress: "0x21b60aa9a8cb189ccbe20461dbfad2202fdef55b9418f30ac2c5fe632f6e1cb7"
        protocolPubkeyBytes: v2naYWg5pfjGv4ndQXvTm6qbHJeLcuYtm78owm95kXFsAK94uny3NjT8vpbmLBmN7fZDSzdZY11Bk12jUfQ1GnDic5jVqpondTR5j6RSWinbJuL5wKFNa2o4HZzQo1roFyh
        networkPubkeyBytes: ufSeW3dkDrC1fa6RknouqGmYUuLw7j9w65N5FQ6LSfn
        workerPubkeyBytes: ufSeW3dkDrC1fa6RknouqGmYUuLw7j9w65N5FQ6LSfn
        proofOfPossessionBytes: 6DFLfDEGXDDy9d5tzz7BMCQoYASTVxiA8JzevfS2zB8w5s9oFbpFiNxhtaigx3ikpG
        name: "0"
        description: ""
        imageUrl: ""
        projectUrl: ""
        netAddress: ""
        p2pAddress: ""
        primaryAddress: ""
        workerAddress: ""
        nextEpochProtocolPubkeyBytes: ~
        nextEpochProofOfPossession: ~
        nextEpochNetworkPubkeyBytes: ~
        nextEpochWorkerPubkeyBytes: ~
        nextEpochNetAddress: ~
        nextEpochP2pAddress: ~
        nextEpochPrimaryAddress: ~
        nextEpochWorkerAddress: ~
      votingPower: 10000
      gasPrice: 1
      stakingPool:
        id: "0xd5d9aa879b78dc1f516d71ab979189086eff752f65e4b0dea15829e3157962e1"
        startingEpoch: 0
        deactivationEpoch:
          vec: []
        suiBalance: 25000000000000000
        rewardsPool:
          value: 0
        poolTokenBalance: 25000000000000000
        exchangeRates:
          id: "0xe63945cec193ca7ac76960370028110a907ad1c22ff90b1fd57ea3c441c766b4"
          size: 1
        pendingDelegation: 0
        pendingTotalSuiWithdraw: 0
        pendingPoolTokenWithdraw: 0
      commissionRate: 0
      nextEpochStake: 25000000000000000
      nextEpochGasPrice: 1
      nextEpochCommissionRate: 0
  pendingValidators:
    contents:
      id: "0x628ffd0e51e9a6ea32c13c2739a31a8f344b557d3429e057b377a9c499b9bb13"
      size: 0
  pendingRemovals: []
  stakingPoolMappings:
    id: "0x18b8140c8a6ea340142f128061016fc4bd8220ec88875a8e573a5f72a85a15c1"
    size: 1
  inactivePools:
    id: "0x1ace65f54d65a96251b3f46bfa720ab65a7ebe0174caa9fa1dc0d65a56ae7872"
    size: 0
storageFund:
  value: 0
parameters:
  minValidatorStake: 1
  maxValidatorCandidateCount: 100
  governanceStartEpoch: 0
referenceGasPrice: 1
validatorReportRecords:
  contents: []
stakeSubsidy:
  epochCounter: 0
  balance:
    value: 975000000000000000
  currentEpochAmount: 1000000
safeMode: false
epochStartTimestampMs: 10

